com/rotabuilder/dom/domain/employee/DayOnRequest.class
com/rotabuilder/dom/domain/shift/ShiftMenu.class
com/rotabuilder/dom/domain/solver/PersistableIdComparator.class
com/rotabuilder/dom/domain/employee/ShiftOnRequest.class
com/rotabuilder/dom/domain/pattern/DayOfWeek$1.class
com/rotabuilder/dom/solver/move/factory/ShiftAssignmentSequenceSwitchLength3MoveFactory$1.class
com/rotabuilder/dom/solver/drools/EmployeeWeekendSequence.class
com/rotabuilder/dom/domain/employee/QSkill.class
com/rotabuilder/dom/solver/drools/EmployeeWorkSequence.class
com/rotabuilder/dom/DomainAppDomManifest.class
com/rotabuilder/dom/domain/contract/PatternContractLine.class
com/rotabuilder/dom/domain/contract/QBooleanContractLine.class
com/rotabuilder/dom/solver/move/EmployeeRosteringMoveHelper.class
com/rotabuilder/dom/domain/shift/ShiftType.class
com/rotabuilder/dom/solver/drools/EmployeeAssignmentTotal.class
com/rotabuilder/dom/solver/move/factory/ShiftAssignmentSwapMoveFactory.class
com/rotabuilder/dom/solver/drools/EmployeeConsecutiveWeekendAssignmentStart.class
com/rotabuilder/dom/domain/employee/EmployeeMenu$CreateDomainEvent.class
com/rotabuilder/dom/domain/contract/Contract.class
com/rotabuilder/dom/domain/pattern/PatternsRepository.class
com/rotabuilder/dom/domain/solver/EmployeeRosterParametrization.class
com/rotabuilder/dom/domain/contract/ContractLineType.class
com/rotabuilder/dom/domain/pattern/QShiftType2DaysPattern.class
com/rotabuilder/dom/domain/contract/ContractLine.class
com/rotabuilder/dom/domain/contract/QContract.class
com/rotabuilder/dom/domain/contract/ContractMenu$CreateDomainEvent.class
com/rotabuilder/dom/domain/shift/ShiftRepository.class
com/rotabuilder/dom/domain/pattern/QPattern.class
com/rotabuilder/dom/domain/employee/QDayOnRequest.class
com/rotabuilder/dom/solver/move/factory/EmployeeChangeMoveFactory.class
com/rotabuilder/dom/domain/employee/Employee.class
com/rotabuilder/dom/domain/contract/QMinMaxContractLine.class
com/rotabuilder/dom/domain/shift/ShiftMenu$CreateDomainEvent.class
com/rotabuilder/dom/domain/pattern/QFreeBefore2DaysWithAWorkDayPattern.class
com/rotabuilder/dom/domain/pattern/PatternMenu.class
com/rotabuilder/dom/domain/pattern/QShiftType3DaysPattern.class
com/rotabuilder/dom/domain/shift/QShift.class
com/rotabuilder/dom/solver/move/factory/ShiftAssignmentPillarPartSwapMoveFactory$1.class
com/rotabuilder/dom/domain/solver/EmployeeRoster.class
com/rotabuilder/dom/domain/employee/QDayOffRequest.class
com/rotabuilder/dom/domain/solver/EmployeeStrengthComparator.class
com/rotabuilder/dom/domain/employee/QShiftOnRequest.class
com/rotabuilder/dom/solver/move/ShiftAssignmentSwapMove.class
com/rotabuilder/dom/solver/drools/EmployeeConsecutiveAssignmentEnd.class
com/rotabuilder/dom/domain/employee/QEmployee.class
com/rotabuilder/dom/domain/employee/QShiftOffRequest.class
com/rotabuilder/dom/domain/employee/EmployeeRepository.class
com/rotabuilder/dom/solver/drools/EmployeeConsecutiveWeekendAssignmentEnd.class
com/rotabuilder/dom/solver/move/EmployeeMultipleChangeMove.class
com/rotabuilder/dom/domain/employee/Skill.class
com/rotabuilder/dom/domain/contract/ContractRepository.class
com/rotabuilder/dom/domain/contract/MinMaxContractLine.class
com/rotabuilder/dom/domain/pattern/WorkBeforeFreeSequencePattern.class
com/rotabuilder/dom/solver/move/factory/ShiftAssignmentSequenceSwitchLength3MoveFactory.class
com/rotabuilder/dom/domain/pattern/ShiftType3DaysPattern.class
com/rotabuilder/dom/domain/pattern/WeekendDefinition.class
com/rotabuilder/dom/domain/pattern/Pattern.class
com/rotabuilder/dom/domain/employee/SkillProficiency.class
com/rotabuilder/dom/solver/move/factory/ShiftAssignmentPillarPartSwapMoveFactory$LowestDayIndexAssignmentSequenceIterator.class
com/rotabuilder/dom/domain/shift/ShiftTypeSkillRequirement.class
com/rotabuilder/dom/domain/employee/EmployeeMenu.class
com/rotabuilder/dom/domain/solver/MovableShiftAssignmentSelectionFilter.class
com/rotabuilder/dom/domain/pattern/PatternMenu$CreateDomainEvent.class
com/rotabuilder/dom/solver/move/factory/ShiftAssignmentSequenceSwitchLength2MoveFactory$1.class
com/rotabuilder/dom/domain/solver/AbstractPersistable.class
com/rotabuilder/dom/domain/shift/ShiftService.class
com/rotabuilder/dom/solver/move/factory/ShiftAssignmentPillarPartSwapMoveFactory$AssignmentSequence.class
com/rotabuilder/dom/solver/move/factory/ShiftAssignmentSequenceSwitchLength3MoveFactory$AssignmentSequence.class
com/rotabuilder/dom/domain/pattern/QWorkBeforeFreeSequencePattern.class
com/rotabuilder/dom/domain/shift/ShiftAssignment.class
com/rotabuilder/dom/solver/drools/EmployeeFreeSequence.class
com/rotabuilder/dom/domain/solver/ShiftAssignmentDifficultyComparator.class
com/rotabuilder/dom/domain/pattern/DayOfWeek.class
com/rotabuilder/dom/domain/pattern/ShiftType2DaysPattern.class
com/rotabuilder/dom/solver/move/factory/ShiftAssignmentSequenceSwitchLength2MoveFactory.class
com/rotabuilder/dom/solver/drools/EmployeeConsecutiveAssignmentStart.class
com/rotabuilder/dom/domain/shift/QShiftAssignment.class
com/rotabuilder/dom/domain/shift/ShiftDate.class
com/rotabuilder/dom/solver/move/EmployeeChangeMove.class
com/rotabuilder/dom/domain/pattern/FreeBefore2DaysWithAWorkDayPattern.class
com/rotabuilder/dom/domain/solver/QAbstractPersistable.class
com/rotabuilder/dom/domain/employee/DayOffRequest.class
com/rotabuilder/dom/solver/move/factory/ShiftAssignmentSequenceSwitchLength2MoveFactory$AssignmentSequence.class
com/rotabuilder/dom/domain/shift/QShiftDate.class
com/rotabuilder/dom/domain/contract/QContractLine.class
com/rotabuilder/dom/DomainAppDomainModule.class
com/rotabuilder/dom/domain/shift/ShiftDate$1.class
com/rotabuilder/dom/domain/contract/BooleanContractLine.class
com/rotabuilder/dom/domain/shift/Shift.class
com/rotabuilder/dom/domain/shift/QShiftType.class
com/rotabuilder/dom/domain/contract/ContractMenu.class
com/rotabuilder/dom/solver/move/factory/ShiftAssignmentPillarPartSwapMoveFactory.class
com/rotabuilder/dom/domain/employee/ShiftOffRequest.class
