/Users/zhangle/Desktop/IS/ReasoningSystem/sourcecode/rotabuilder/dom/src/main/java/com/rotabuilder/dom/domain/solver/AbstractPersistable.java
/Users/zhangle/Desktop/IS/ReasoningSystem/sourcecode/rotabuilder/dom/src/main/java/com/rotabuilder/dom/domain/solver/MovableShiftAssignmentSelectionFilter.java
/Users/zhangle/Desktop/IS/ReasoningSystem/sourcecode/rotabuilder/dom/src/main/java/com/rotabuilder/dom/domain/contract/BooleanContractLine.java
/Users/zhangle/Desktop/IS/ReasoningSystem/sourcecode/rotabuilder/dom/src/main/java/com/rotabuilder/dom/domain/contract/PatternContractLine.java
/Users/zhangle/Desktop/IS/ReasoningSystem/sourcecode/rotabuilder/dom/src/main/java/com/rotabuilder/dom/solver/drools/EmployeeConsecutiveWeekendAssignmentStart.java
/Users/zhangle/Desktop/IS/ReasoningSystem/sourcecode/rotabuilder/dom/src/main/java/com/rotabuilder/dom/solver/move/factory/ShiftAssignmentSequenceSwitchLength2MoveFactory.java
/Users/zhangle/Desktop/IS/ReasoningSystem/sourcecode/rotabuilder/dom/src/main/java/com/rotabuilder/dom/solver/drools/EmployeeWeekendSequence.java
/Users/zhangle/Desktop/IS/ReasoningSystem/sourcecode/rotabuilder/dom/src/main/java/com/rotabuilder/dom/DomainAppDomManifest.java
/Users/zhangle/Desktop/IS/ReasoningSystem/sourcecode/rotabuilder/dom/src/main/java/com/rotabuilder/dom/domain/shift/ShiftService.java
/Users/zhangle/Desktop/IS/ReasoningSystem/sourcecode/rotabuilder/dom/src/main/java/com/rotabuilder/dom/solver/move/EmployeeMultipleChangeMove.java
/Users/zhangle/Desktop/IS/ReasoningSystem/sourcecode/rotabuilder/dom/src/main/java/com/rotabuilder/dom/domain/shift/ShiftTypeSkillRequirement.java
/Users/zhangle/Desktop/IS/ReasoningSystem/sourcecode/rotabuilder/dom/src/main/java/com/rotabuilder/dom/DomainAppDomainModule.java
/Users/zhangle/Desktop/IS/ReasoningSystem/sourcecode/rotabuilder/dom/src/main/java/com/rotabuilder/dom/domain/pattern/PatternsRepository.java
/Users/zhangle/Desktop/IS/ReasoningSystem/sourcecode/rotabuilder/dom/src/main/java/com/rotabuilder/dom/solver/move/factory/ShiftAssignmentPillarPartSwapMoveFactory.java
/Users/zhangle/Desktop/IS/ReasoningSystem/sourcecode/rotabuilder/dom/src/main/java/com/rotabuilder/dom/domain/shift/ShiftDate.java
/Users/zhangle/Desktop/IS/ReasoningSystem/sourcecode/rotabuilder/dom/src/main/java/com/rotabuilder/dom/solver/move/factory/ShiftAssignmentSequenceSwitchLength3MoveFactory.java
/Users/zhangle/Desktop/IS/ReasoningSystem/sourcecode/rotabuilder/dom/src/main/java/com/rotabuilder/dom/domain/pattern/DayOfWeek.java
/Users/zhangle/Desktop/IS/ReasoningSystem/sourcecode/rotabuilder/dom/src/main/java/com/rotabuilder/dom/domain/employee/SkillProficiency.java
/Users/zhangle/Desktop/IS/ReasoningSystem/sourcecode/rotabuilder/dom/src/main/java/com/rotabuilder/dom/domain/solver/PersistableIdComparator.java
/Users/zhangle/Desktop/IS/ReasoningSystem/sourcecode/rotabuilder/dom/src/main/java/com/rotabuilder/dom/domain/contract/ContractLine.java
/Users/zhangle/Desktop/IS/ReasoningSystem/sourcecode/rotabuilder/dom/src/main/java/com/rotabuilder/dom/domain/solver/EmployeeStrengthComparator.java
/Users/zhangle/Desktop/IS/ReasoningSystem/sourcecode/rotabuilder/dom/src/main/java/com/rotabuilder/dom/solver/drools/EmployeeConsecutiveAssignmentStart.java
/Users/zhangle/Desktop/IS/ReasoningSystem/sourcecode/rotabuilder/dom/src/main/java/com/rotabuilder/dom/domain/solver/EmployeeRosterParametrization.java
/Users/zhangle/Desktop/IS/ReasoningSystem/sourcecode/rotabuilder/dom/src/main/java/com/rotabuilder/dom/domain/contract/MinMaxContractLine.java
/Users/zhangle/Desktop/IS/ReasoningSystem/sourcecode/rotabuilder/dom/src/main/java/com/rotabuilder/dom/domain/pattern/WeekendDefinition.java
/Users/zhangle/Desktop/IS/ReasoningSystem/sourcecode/rotabuilder/dom/src/main/java/com/rotabuilder/dom/domain/pattern/ShiftType3DaysPattern.java
/Users/zhangle/Desktop/IS/ReasoningSystem/sourcecode/rotabuilder/dom/src/main/java/com/rotabuilder/dom/solver/move/factory/EmployeeChangeMoveFactory.java
/Users/zhangle/Desktop/IS/ReasoningSystem/sourcecode/rotabuilder/dom/src/main/java/com/rotabuilder/dom/solver/drools/EmployeeConsecutiveWeekendAssignmentEnd.java
/Users/zhangle/Desktop/IS/ReasoningSystem/sourcecode/rotabuilder/dom/src/main/java/com/rotabuilder/dom/solver/move/ShiftAssignmentSwapMove.java
/Users/zhangle/Desktop/IS/ReasoningSystem/sourcecode/rotabuilder/dom/src/main/java/com/rotabuilder/dom/domain/employee/DayOnRequest.java
/Users/zhangle/Desktop/IS/ReasoningSystem/sourcecode/rotabuilder/dom/src/main/java/com/rotabuilder/dom/domain/shift/ShiftAssignment.java
/Users/zhangle/Desktop/IS/ReasoningSystem/sourcecode/rotabuilder/dom/src/main/java/com/rotabuilder/dom/domain/pattern/PatternMenu.java
/Users/zhangle/Desktop/IS/ReasoningSystem/sourcecode/rotabuilder/dom/src/main/java/com/rotabuilder/dom/solver/move/factory/ShiftAssignmentSwapMoveFactory.java
/Users/zhangle/Desktop/IS/ReasoningSystem/sourcecode/rotabuilder/dom/src/main/java/com/rotabuilder/dom/solver/drools/EmployeeFreeSequence.java
/Users/zhangle/Desktop/IS/ReasoningSystem/sourcecode/rotabuilder/dom/src/main/java/com/rotabuilder/dom/domain/employee/EmployeeMenu.java
/Users/zhangle/Desktop/IS/ReasoningSystem/sourcecode/rotabuilder/dom/src/main/java/com/rotabuilder/dom/domain/employee/EmployeeRepository.java
/Users/zhangle/Desktop/IS/ReasoningSystem/sourcecode/rotabuilder/dom/src/main/java/com/rotabuilder/dom/domain/contract/ContractLineType.java
/Users/zhangle/Desktop/IS/ReasoningSystem/sourcecode/rotabuilder/dom/src/main/java/com/rotabuilder/dom/domain/employee/Skill.java
/Users/zhangle/Desktop/IS/ReasoningSystem/sourcecode/rotabuilder/dom/src/main/java/com/rotabuilder/dom/domain/pattern/WorkBeforeFreeSequencePattern.java
/Users/zhangle/Desktop/IS/ReasoningSystem/sourcecode/rotabuilder/dom/src/main/java/com/rotabuilder/dom/domain/contract/Contract.java
/Users/zhangle/Desktop/IS/ReasoningSystem/sourcecode/rotabuilder/dom/src/main/java/com/rotabuilder/dom/domain/solver/EmployeeRoster.java
/Users/zhangle/Desktop/IS/ReasoningSystem/sourcecode/rotabuilder/dom/src/main/java/com/rotabuilder/dom/domain/pattern/ShiftType2DaysPattern.java
/Users/zhangle/Desktop/IS/ReasoningSystem/sourcecode/rotabuilder/dom/src/main/java/com/rotabuilder/dom/domain/employee/ShiftOffRequest.java
/Users/zhangle/Desktop/IS/ReasoningSystem/sourcecode/rotabuilder/dom/src/main/java/com/rotabuilder/dom/domain/contract/ContractMenu.java
/Users/zhangle/Desktop/IS/ReasoningSystem/sourcecode/rotabuilder/dom/src/main/java/com/rotabuilder/dom/solver/drools/EmployeeWorkSequence.java
/Users/zhangle/Desktop/IS/ReasoningSystem/sourcecode/rotabuilder/dom/src/main/java/com/rotabuilder/dom/domain/pattern/FreeBefore2DaysWithAWorkDayPattern.java
/Users/zhangle/Desktop/IS/ReasoningSystem/sourcecode/rotabuilder/dom/src/main/java/com/rotabuilder/dom/domain/contract/ContractRepository.java
/Users/zhangle/Desktop/IS/ReasoningSystem/sourcecode/rotabuilder/dom/src/main/java/com/rotabuilder/dom/domain/shift/ShiftMenu.java
/Users/zhangle/Desktop/IS/ReasoningSystem/sourcecode/rotabuilder/dom/src/main/java/com/rotabuilder/dom/domain/employee/Employee.java
/Users/zhangle/Desktop/IS/ReasoningSystem/sourcecode/rotabuilder/dom/src/main/java/com/rotabuilder/dom/domain/shift/ShiftType.java
/Users/zhangle/Desktop/IS/ReasoningSystem/sourcecode/rotabuilder/dom/src/main/java/com/rotabuilder/dom/domain/pattern/Pattern.java
/Users/zhangle/Desktop/IS/ReasoningSystem/sourcecode/rotabuilder/dom/src/main/java/com/rotabuilder/dom/solver/move/EmployeeRosteringMoveHelper.java
/Users/zhangle/Desktop/IS/ReasoningSystem/sourcecode/rotabuilder/dom/src/main/java/com/rotabuilder/dom/solver/drools/EmployeeConsecutiveAssignmentEnd.java
/Users/zhangle/Desktop/IS/ReasoningSystem/sourcecode/rotabuilder/dom/src/main/java/com/rotabuilder/dom/domain/solver/ShiftAssignmentDifficultyComparator.java
/Users/zhangle/Desktop/IS/ReasoningSystem/sourcecode/rotabuilder/dom/src/main/java/com/rotabuilder/dom/domain/employee/ShiftOnRequest.java
/Users/zhangle/Desktop/IS/ReasoningSystem/sourcecode/rotabuilder/dom/src/main/java/com/rotabuilder/dom/domain/shift/Shift.java
/Users/zhangle/Desktop/IS/ReasoningSystem/sourcecode/rotabuilder/dom/src/main/java/com/rotabuilder/dom/solver/move/EmployeeChangeMove.java
/Users/zhangle/Desktop/IS/ReasoningSystem/sourcecode/rotabuilder/dom/src/main/java/com/rotabuilder/dom/solver/drools/EmployeeAssignmentTotal.java
/Users/zhangle/Desktop/IS/ReasoningSystem/sourcecode/rotabuilder/dom/src/main/java/com/rotabuilder/dom/domain/shift/ShiftRepository.java
/Users/zhangle/Desktop/IS/ReasoningSystem/sourcecode/rotabuilder/dom/src/main/java/com/rotabuilder/dom/domain/employee/DayOffRequest.java
