com/rotabuilder/fixture/dom/PatternTearDown.class
com/rotabuilder/fixture/dom/ShiftTypeCreate.class
com/rotabuilder/fixture/dom/SkillTearDown.class
com/rotabuilder/fixture/dom/RequestCreate.class
com/rotabuilder/fixture/dom/ContractTearDown.class
com/rotabuilder/fixture/scenarios/UserFixture.class
com/rotabuilder/fixture/scenarios/RecreateSkills.class
com/rotabuilder/fixture/scenarios/UserFixture$7.class
com/rotabuilder/fixture/scenarios/MyFixtureScript.class
com/rotabuilder/fixture/dom/ShiftCreate.class
com/rotabuilder/fixture/dom/SkillCreate.class
com/rotabuilder/fixture/dom/ShiftDateTearDown.class
com/rotabuilder/fixture/scenarios/MyFixtureScript$1.class
com/rotabuilder/fixture/scenarios/UserFixture$2.class
com/rotabuilder/fixture/dom/ShiftTearDown.class
com/rotabuilder/fixture/dom/EmployeeCreate.class
com/rotabuilder/fixture/scenarios/UserFixture$5.class
com/rotabuilder/fixture/dom/EmployeeTearDown.class
com/rotabuilder/fixture/scenarios/UserFixture$RoleAndPermissionsFixtureScript.class
com/rotabuilder/fixture/scenarios/UserFixture$8.class
com/rotabuilder/fixture/dom/ContractCreate.class
com/rotabuilder/fixture/scenarios/RecreateContracts.class
com/rotabuilder/fixture/scenarios/UserFixture$3.class
com/rotabuilder/fixture/dom/PatternCreate.class
com/rotabuilder/fixture/DomainAppFixtureModule.class
com/rotabuilder/fixture/scenarios/UserFixture$1.class
com/rotabuilder/fixture/DomainAppFixtureScriptsSpecificationProvider.class
com/rotabuilder/fixture/dom/RequestlTearDown.class
com/rotabuilder/fixture/scenarios/UserFixture$6.class
com/rotabuilder/fixture/scenarios/RecreatePatterns.class
com/rotabuilder/fixture/scenarios/RecreateShiftDates.class
com/rotabuilder/fixture/scenarios/RecreateShiftType.class
com/rotabuilder/fixture/scenarios/RecreateEmployees.class
com/rotabuilder/fixture/scenarios/UserFixture$4.class
com/rotabuilder/fixture/dom/ShiftTypeTearDown.class
com/rotabuilder/fixture/dom/ShiftDateCreate.class
