/Users/zhangle/Desktop/IS/ReasoningSystem/sourcecode/rotabuilder/fixture/src/main/java/com/rotabuilder/fixture/scenarios/RecreateSkills.java
/Users/zhangle/Desktop/IS/ReasoningSystem/sourcecode/rotabuilder/fixture/src/main/java/com/rotabuilder/fixture/dom/EmployeeTearDown.java
/Users/zhangle/Desktop/IS/ReasoningSystem/sourcecode/rotabuilder/fixture/src/main/java/com/rotabuilder/fixture/dom/ShiftDateTearDown.java
/Users/zhangle/Desktop/IS/ReasoningSystem/sourcecode/rotabuilder/fixture/src/main/java/com/rotabuilder/fixture/scenarios/RecreateShiftDates.java
/Users/zhangle/Desktop/IS/ReasoningSystem/sourcecode/rotabuilder/fixture/src/main/java/com/rotabuilder/fixture/dom/ContractTearDown.java
/Users/zhangle/Desktop/IS/ReasoningSystem/sourcecode/rotabuilder/fixture/src/main/java/com/rotabuilder/fixture/dom/PatternCreate.java
/Users/zhangle/Desktop/IS/ReasoningSystem/sourcecode/rotabuilder/fixture/src/main/java/com/rotabuilder/fixture/dom/RequestCreate.java
/Users/zhangle/Desktop/IS/ReasoningSystem/sourcecode/rotabuilder/fixture/src/main/java/com/rotabuilder/fixture/dom/SkillTearDown.java
/Users/zhangle/Desktop/IS/ReasoningSystem/sourcecode/rotabuilder/fixture/src/main/java/com/rotabuilder/fixture/scenarios/RecreateEmployees.java
/Users/zhangle/Desktop/IS/ReasoningSystem/sourcecode/rotabuilder/fixture/src/main/java/com/rotabuilder/fixture/dom/EmployeeCreate.java
/Users/zhangle/Desktop/IS/ReasoningSystem/sourcecode/rotabuilder/fixture/src/main/java/com/rotabuilder/fixture/scenarios/RecreatePatterns.java
/Users/zhangle/Desktop/IS/ReasoningSystem/sourcecode/rotabuilder/fixture/src/main/java/com/rotabuilder/fixture/scenarios/RecreateShiftType.java
/Users/zhangle/Desktop/IS/ReasoningSystem/sourcecode/rotabuilder/fixture/src/main/java/com/rotabuilder/fixture/scenarios/MyFixtureScript.java
/Users/zhangle/Desktop/IS/ReasoningSystem/sourcecode/rotabuilder/fixture/src/main/java/com/rotabuilder/fixture/dom/ContractCreate.java
/Users/zhangle/Desktop/IS/ReasoningSystem/sourcecode/rotabuilder/fixture/src/main/java/com/rotabuilder/fixture/dom/ShiftTearDown.java
/Users/zhangle/Desktop/IS/ReasoningSystem/sourcecode/rotabuilder/fixture/src/main/java/com/rotabuilder/fixture/dom/ShiftCreate.java
/Users/zhangle/Desktop/IS/ReasoningSystem/sourcecode/rotabuilder/fixture/src/main/java/com/rotabuilder/fixture/scenarios/UserFixture.java
/Users/zhangle/Desktop/IS/ReasoningSystem/sourcecode/rotabuilder/fixture/src/main/java/com/rotabuilder/fixture/dom/ShiftDateCreate.java
/Users/zhangle/Desktop/IS/ReasoningSystem/sourcecode/rotabuilder/fixture/src/main/java/com/rotabuilder/fixture/DomainAppFixtureModule.java
/Users/zhangle/Desktop/IS/ReasoningSystem/sourcecode/rotabuilder/fixture/src/main/java/com/rotabuilder/fixture/dom/SkillCreate.java
/Users/zhangle/Desktop/IS/ReasoningSystem/sourcecode/rotabuilder/fixture/src/main/java/com/rotabuilder/fixture/dom/RequestlTearDown.java
/Users/zhangle/Desktop/IS/ReasoningSystem/sourcecode/rotabuilder/fixture/src/main/java/com/rotabuilder/fixture/DomainAppFixtureScriptsSpecificationProvider.java
/Users/zhangle/Desktop/IS/ReasoningSystem/sourcecode/rotabuilder/fixture/src/main/java/com/rotabuilder/fixture/dom/ShiftTypeCreate.java
/Users/zhangle/Desktop/IS/ReasoningSystem/sourcecode/rotabuilder/fixture/src/main/java/com/rotabuilder/fixture/scenarios/RecreateContracts.java
/Users/zhangle/Desktop/IS/ReasoningSystem/sourcecode/rotabuilder/fixture/src/main/java/com/rotabuilder/fixture/dom/PatternTearDown.java
/Users/zhangle/Desktop/IS/ReasoningSystem/sourcecode/rotabuilder/fixture/src/main/java/com/rotabuilder/fixture/dom/ShiftTypeTearDown.java
