/Users/zhangle/Desktop/IS/ReasoningSystem/sourcecode/rotabuilder/app/src/main/java/com/rotabuilder/app/DomainAppAppManifest.java
/Users/zhangle/Desktop/IS/ReasoningSystem/sourcecode/rotabuilder/app/src/main/java/com/rotabuilder/app/services/homepage/HomePageViewModel.java
/Users/zhangle/Desktop/IS/ReasoningSystem/sourcecode/rotabuilder/app/src/main/java/com/rotabuilder/app/services/tenancyevaluator/UserProfileServiceShowingTenancy.java
/Users/zhangle/Desktop/IS/ReasoningSystem/sourcecode/rotabuilder/app/src/main/java/com/rotabuilder/app/services/registration/AppUserRegistrationService.java
/Users/zhangle/Desktop/IS/ReasoningSystem/sourcecode/rotabuilder/app/src/main/java/com/rotabuilder/app/services/tenancyevaluator/TenancySwitcher.java
/Users/zhangle/Desktop/IS/ReasoningSystem/sourcecode/rotabuilder/app/src/main/java/com/rotabuilder/app/services/tenancyevaluator/ApplicationTenancyEvaluatorForRoster.java
/Users/zhangle/Desktop/IS/ReasoningSystem/sourcecode/rotabuilder/app/src/main/java/com/rotabuilder/app/services/homepage/HomePageService.java
/Users/zhangle/Desktop/IS/ReasoningSystem/sourcecode/rotabuilder/app/src/main/java/com/rotabuilder/app/DomainAppTestManifest.java
/Users/zhangle/Desktop/IS/ReasoningSystem/sourcecode/rotabuilder/app/src/main/java/com/rotabuilder/app/DomainAppAppModule.java
